[demo.dethemes.com/forever/versions/onepage/index.html]
[backblue.gif]
[fade.gif]
[index.html]
[demo.dethemes.com/forever/versions/onepage/images/favicon.jpg]
[demo.dethemes.com/forever/versions/onepage/images/slide-image-1920-i.jpg]
[demo.dethemes.com/forever/versions/onepage/images/him2.jpg]
[demo.dethemes.com/forever/versions/onepage/images/attachment-couple.jpg]
[demo.dethemes.com/forever/versions/onepage/him.html]
[demo.dethemes.com/forever/versions/onepage/images/her2.jpg]
[demo.dethemes.com/forever/versions/onepage/her.html]
[demo.dethemes.com/forever/versions/onepage/images/parallax-image-3.jpg]
[demo.dethemes.com/forever/versions/onepage/images/heart-icon.png]
[demo.dethemes.com/forever/versions/onepage/images/gallery-1.jpg]
[demo.dethemes.com/forever/versions/onepage/images/attachment-1.jpg]
[demo.dethemes.com/forever/versions/onepage/images/gallery-9.jpg]
[demo.dethemes.com/forever/versions/onepage/images/attachment-9.jpg]
[demo.dethemes.com/forever/versions/onepage/images/gallery-2.jpg]
[demo.dethemes.com/forever/versions/onepage/images/attachment-2.jpg]
[demo.dethemes.com/forever/versions/onepage/images/gallery-3.jpg]
[demo.dethemes.com/forever/versions/onepage/images/attachment-3.jpg]
[demo.dethemes.com/forever/versions/onepage/images/slide-image-1920-d.jpg]
[demo.dethemes.com/forever/versions/onepage/images/parallax-image-4.jpg]
[demo.dethemes.com/forever/versions/onepage/images/gallery-4.jpg]
[demo.dethemes.com/forever/versions/onepage/images/attachment-4.jpg]
[demo.dethemes.com/forever/versions/onepage/images/gallery-5.jpg]
[demo.dethemes.com/forever/versions/onepage/images/attachment-5.jpg]
[demo.dethemes.com/forever/versions/onepage/images/gallery-6.jpg]
[demo.dethemes.com/forever/versions/onepage/images/attachment-6.jpg]
[demo.dethemes.com/forever/versions/onepage/images/gallery-7.jpg]
[demo.dethemes.com/forever/versions/onepage/images/attachment-7.jpg]
[demo.dethemes.com/forever/versions/onepage/images/gallery-8.jpg]
[demo.dethemes.com/forever/versions/onepage/images/attachment-8.jpg]
[demo.dethemes.com/forever/versions/onepage/images/slide-image-1920-c.jpg]
[demo.dethemes.com/forever/versions/onepage/images/event-1.jpg]
[demo.dethemes.com/forever/versions/onepage/images/event-2.jpg]
[demo.dethemes.com/forever/versions/onepage/images/event-3.jpg]
[demo.dethemes.com/forever/versions/onepage/images/parallax-image-5.jpg]
[demo.dethemes.com/forever/versions/onepage/images/groomsmen-1.jpg]
[demo.dethemes.com/forever/versions/onepage/images/groomsmen-2.jpg]
[demo.dethemes.com/forever/versions/onepage/images/groomsmen-3.jpg]
[demo.dethemes.com/forever/versions/onepage/images/groomsmen-4.jpg]
[demo.dethemes.com/forever/versions/onepage/images/groomsmen-5.jpg]
[demo.dethemes.com/forever/versions/onepage/images/groomsmen-6.jpg]
[demo.dethemes.com/forever/versions/onepage/images/parallax-image-6.jpg]
[demo.dethemes.com/forever/versions/onepage/images/bridesmaid-1.jpg]
[demo.dethemes.com/forever/versions/onepage/images/bridesmaid-2.jpg]
[demo.dethemes.com/forever/versions/onepage/images/bridesmaid-3.jpg]
[demo.dethemes.com/forever/versions/onepage/images/bridesmaid-4.jpg]
[demo.dethemes.com/forever/versions/onepage/images/bridesmaid-5.jpg]
[demo.dethemes.com/forever/versions/onepage/images/bridesmaid-6.jpg]
[demo.dethemes.com/forever/versions/onepage/images/gift-registry-1a.png]
[demo.dethemes.com/forever/versions/onepage/images/gift-registry-2a.png]
[demo.dethemes.com/forever/versions/onepage/images/gift-registry-3a.png]
[demo.dethemes.com/forever/versions/onepage/images/slide-image-1920-h.jpg]
[demo.dethemes.com/forever/versions/onepage/js/jquery-1.11.1.min.js]
[demo.dethemes.com/forever/versions/onepage/js/pace/pace.min.js]
[demo.dethemes.com/forever/versions/onepage/js/bootstrap/bootstrap.js]
[demo.dethemes.com/forever/versions/onepage/js/modernizr/modernizr.js]
[demo.dethemes.com/forever/versions/onepage/js/devicejs/device.js]
[demo.dethemes.com/forever/versions/onepage/js/tinynav/tinynav.min.js]
[demo.dethemes.com/forever/versions/onepage/js/smoothscroll/jquery.smooth-scroll.js]
[demo.dethemes.com/forever/versions/onepage/js/flexslider/jquery.flexslider.js]
[demo.dethemes.com/forever/versions/onepage/js/sticky/jquery.sticky.js]
[demo.dethemes.com/forever/versions/onepage/js/waypoint/jquery.waypoints.min.js]
[demo.dethemes.com/forever/versions/onepage/js/jquery-ui-widget/jquery.ui.widget.js]
[demo.dethemes.com/forever/versions/onepage/js/jquery-doubletaptogo/jquery.dcd.doubletaptogo.js]
[demo.dethemes.com/forever/versions/onepage/js/vide/jquery.vide.js]
[demo.dethemes.com/forever/versions/onepage/js/stellar/jquery.stellar.js]
[demo.dethemes.com/forever/versions/onepage/js/masonry/masonry.pkgd.min.js]
[demo.dethemes.com/forever/versions/onepage/js/countdown/jquery.plugin.js]
[demo.dethemes.com/forever/versions/onepage/js/countdown/jquery.countdown.js]
[demo.dethemes.com/forever/versions/onepage/js/magnific-popup/jquery.magnific-popup.js]
[demo.dethemes.com/forever/versions/onepage/js/owlcarousel/owl.carousel.js]
[demo.dethemes.com/forever/versions/onepage/js/markerlabel/markerwithlabel.js]
[demo.dethemes.com/forever/versions/onepage/js/rsvp/rsvp.js]
[demo.dethemes.com/forever/versions/onepage/js/script.js]
[demo.dethemes.com/forever/versions/onepage/js/map-script.js]
[demo.dethemes.com/forever/versions/onepage/index.html]
[demo.dethemes.com/forever/versions/onepage/js/main-slider-fade.js]
[demo.dethemes.com/forever/versions/onepage/css/fonts/glyphicons-halflings-regular.eot]
[demo.dethemes.com/forever/versions/onepage/css/fonts/glyphicons-halflings-regulard41d.eot]
[demo.dethemes.com/forever/versions/onepage/css/fonts/glyphicons-halflings-regular.woff]
[demo.dethemes.com/forever/versions/onepage/css/fonts/glyphicons-halflings-regular.ttf]
[demo.dethemes.com/forever/versions/onepage/css/bootstrap/bootstrap.min.css]
[demo.dethemes.com/forever/versions/onepage/css/preloader.css]
[demo.dethemes.com/forever/versions/onepage/css/preloader-default.css]
[demo.dethemes.com/forever/versions/onepage/images/slide-image-1920-e.jpg]
[demo.dethemes.com/forever/versions/onepage/css/flexslider/fonts/flexslider-icon.eot]
[demo.dethemes.com/forever/versions/onepage/css/flexslider/fonts/flexslider-icond41d.eot]
[demo.dethemes.com/forever/versions/onepage/css/flexslider/fonts/flexslider-icon.woff]
[demo.dethemes.com/forever/versions/onepage/css/flexslider/fonts/flexslider-icon.ttf]
[demo.dethemes.com/forever/versions/onepage/css/flexslider/flexslider.css]
[demo.dethemes.com/forever/versions/onepage/css/animate/animate.css]
[demo.dethemes.com/forever/versions/onepage/css/countdown/jquery.countdown.css]
[demo.dethemes.com/forever/versions/onepage/css/magnific-popup/magnific-popup.css]
[demo.dethemes.com/forever/versions/onepage/css/owlcarousel/grabbing.png]
[demo.dethemes.com/forever/versions/onepage/css/owlcarousel/owl.carousel.css]
[demo.dethemes.com/forever/versions/onepage/css/owlcarousel/AjaxLoader.gif]
[demo.dethemes.com/forever/versions/onepage/css/owlcarousel/owl.theme.css]
[demo.dethemes.com/forever/versions/onepage/css/fonts/fontello/font/fontellobb14.eot]
[demo.dethemes.com/forever/versions/onepage/css/fonts/fontello/font/fontellobb14.woff]
[demo.dethemes.com/forever/versions/onepage/css/fonts/fontello/font/fontellobb14.ttf]
[demo.dethemes.com/forever/versions/onepage/css/fonts/fontello/css/fontello.css]
[demo.dethemes.com/forever/versions/onepage/css/style.css]
[demo.dethemes.com/forever/versions/onepage/images/profile-him-popup.jpg]
[demo.dethemes.com/forever/versions/onepage/him.html]
[demo.dethemes.com/forever/versions/onepage/images/profile-her-popup.jpg]
[demo.dethemes.com/forever/versions/onepage/images/blog-4-a.jpg]
[demo.dethemes.com/forever/versions/onepage/her.html]
[demo.dethemes.com/forever/versions/onepage/css/fonts/glyphicons-halflings-regular.svg]
[demo.dethemes.com/forever/versions/onepage/css/flexslider/fonts/flexslider-icon.svg]
[demo.dethemes.com/forever/versions/onepage/css/fonts/fontello/font/fontellobb14.svg]
